Must be printed first.
Must be printed at the end.
